I'm sorry, but errors were detected in your script. Please correct the
errors listed below, and try again.


File "game/script.rpy", line 309: reached end of line when expecting ':'.
    if fase == 11
                 ^

File "game/script.rpy", line 312: expected statement.
    else:
        ^

Ren'Py Version: Ren'Py 6.16.3.502
